******************************************************************************
                  MSP430 Linker PC v4.3.3                      
******************************************************************************
>> Linked Sun Dec 07 14:17:56 2014

OUTPUT FILE NAME:   <MPEandWC_jfw6fp.out>
ENTRY POINT SYMBOL: "_c_int00"  address: 0000c5fe


MEMORY CONFIGURATION

         name            origin    length      used     unused   attr    fill
----------------------  --------  ---------  --------  --------  ----  --------
  SFR                   00000000   00000010  00000000  00000010  RWIX
  PERIPHERALS_8BIT      00000010   000000f0  00000000  000000f0  RWIX
  PERIPHERALS_16BIT     00000100   00000100  00000000  00000100  RWIX
  RAM                   00000200   00000200  000000a0  00000160  RWIX
  INFOD                 00001000   00000040  00000000  00000040  RWIX
  INFOC                 00001040   00000040  00000000  00000040  RWIX
  INFOB                 00001080   00000040  00000000  00000040  RWIX
  INFOA                 000010c0   00000040  00000000  00000040  RWIX
  FLASH                 0000c000   00003fe0  000006ec  000038f4  RWIX
  INT00                 0000ffe0   00000002  00000000  00000002  RWIX
  INT01                 0000ffe2   00000002  00000000  00000002  RWIX
  INT02                 0000ffe4   00000002  00000002  00000000  RWIX
  INT03                 0000ffe6   00000002  00000002  00000000  RWIX
  INT04                 0000ffe8   00000002  00000000  00000002  RWIX
  INT05                 0000ffea   00000002  00000002  00000000  RWIX
  INT06                 0000ffec   00000002  00000002  00000000  RWIX
  INT07                 0000ffee   00000002  00000002  00000000  RWIX
  INT08                 0000fff0   00000002  00000002  00000000  RWIX
  INT09                 0000fff2   00000002  00000002  00000000  RWIX
  INT10                 0000fff4   00000002  00000002  00000000  RWIX
  INT11                 0000fff6   00000002  00000002  00000000  RWIX
  INT12                 0000fff8   00000002  00000002  00000000  RWIX
  INT13                 0000fffa   00000002  00000002  00000000  RWIX
  INT14                 0000fffc   00000002  00000002  00000000  RWIX
  RESET                 0000fffe   00000002  00000002  00000000  RWIX


SECTION ALLOCATION MAP

 output                                  attributes/
section   page    origin      length       input sections
--------  ----  ----------  ----------   ----------------
.init_array 
*          0    0000c000    00000000     UNINITIALIZED

.bss       0    00000200    00000050     UNINITIALIZED
                  00000200    00000016     (.common:Rcv1)
                  00000216    00000016     (.common:Receiver_Events)
                  0000022c    00000010     (.common:Xmit1)
                  0000023c    00000002     (.common:amountsent)
                  0000023e    00000002     (.common:bit)
                  00000240    00000002     (.common:compare)
                  00000242    00000002     (.common:correct)
                  00000244    00000002     (.common:highsRec)
                  00000246    00000002     (.common:highsSent)
                  00000248    00000002     (.common:msCounter)
                  0000024a    00000002     (.common:send)
                  0000024c    00000002     (.common:startCounter)
                  0000024e    00000002     (.common:temp)

.TI.noinit 
*          0    00000200    00000000     UNINITIALIZED

.stack     0    000003b0    00000050     UNINITIALIZED
                  000003b0    00000002     rts430_eabi.lib : boot.obj (.stack)
                  000003b2    0000004e     --HOLE--

.text      0    0000c000    000006e2     
                  0000c000    000001c8     main.obj (.text:rcv)
                  0000c1c8    00000188     main.obj (.text:Xmit)
                  0000c350    0000008a     main.obj (.text:InitVariables)
                  0000c3da    0000006e     main.obj (.text:main)
                  0000c448    0000005e     rts430_eabi.lib : autoinit.obj (.text:_auto_init)
                  0000c4a6    0000003c     main.obj (.text:InitHardware)
                  0000c4e2    00000036     main.obj (.text:InsertEvent)
                  0000c518    00000034     main.obj (.text:BCSplus_initial)
                  0000c54c    0000002c     rts430_eabi.lib : div16s.obj (.text)
                  0000c578    00000028     main.obj (.text:GetEvent)
                  0000c5a0    00000024     main.obj (.text:TestWidth)
                  0000c5c4    00000020     main.obj (.text:timerCaptureFallingInterrupt)
                  0000c5e4    0000001a     main.obj (.text:Timer1_A3_initial)
                  0000c5fe    0000001a     rts430_eabi.lib : boot.obj (.text:_c_int00_noexit)
                  0000c618    0000001a     main.obj (.text:periodicTimerA0Interrupt)
                  0000c632    0000001a     main.obj (.text:timerCaptureRisingInterrupt)
                  0000c64c    00000016     rts430_eabi.lib : div16u.obj (.text)
                  0000c662    00000014     main.obj (.text:Timer0_A3_initial)
                  0000c676    00000014     rts430_eabi.lib : copy_zero_init.obj (.text:decompress:ZI:__TI_zero_init)
                  0000c68a    00000012                     : lsr32.obj (.text:l_lsr)
                  0000c69c    00000010     main.obj (.text:ihandler)
                  0000c6ac    00000010     rts430_eabi.lib : epilog.obj (.text)
                  0000c6bc    0000000c     main.obj (.text:fallingedge)
                  0000c6c8    0000000c     main.obj (.text:risingedge)
                  0000c6d4    00000006     rts430_eabi.lib : isr_trap.obj (.text:__TI_ISR_TRAP)
                  0000c6da    00000004                     : pre_init.obj (.text:_system_pre_init)
                  0000c6de    00000004                     : exit.obj (.text:abort)

.cinit     0    0000c6e2    0000000a     
                  0000c6e2    00000004     (.cinit..bss.load) [load image, compression = zero_init]
                  0000c6e6    00000002     (__TI_handler_table)
                  0000c6e8    00000004     (__TI_cinit_table)

PORT1      0    0000ffe4    00000002     
                  0000ffe4    00000002     rts430_eabi.lib : int02.obj (.int02)

PORT2      0    0000ffe6    00000002     
                  0000ffe6    00000002     rts430_eabi.lib : int03.obj (.int03)

ADC10      0    0000ffea    00000002     
                  0000ffea    00000002     rts430_eabi.lib : int05.obj (.int05)

USCIAB0TX 
*          0    0000ffec    00000002     
                  0000ffec    00000002     rts430_eabi.lib : int06.obj (.int06)

USCIAB0RX 
*          0    0000ffee    00000002     
                  0000ffee    00000002     rts430_eabi.lib : int07.obj (.int07)

TIMER0_A1 
*          0    0000fff0    00000002     
                  0000fff0    00000002     rts430_eabi.lib : int08.obj (.int08)

TIMER0_A0 
*          0    0000fff2    00000002     
                  0000fff2    00000002     main.obj (.int09)

WDT        0    0000fff4    00000002     
                  0000fff4    00000002     rts430_eabi.lib : int10.obj (.int10)

COMPARATORA 
*          0    0000fff6    00000002     
                  0000fff6    00000002     rts430_eabi.lib : int11.obj (.int11)

TIMER1_A1 
*          0    0000fff8    00000002     
                  0000fff8    00000002     main.obj (.int12)

TIMER1_A0 
*          0    0000fffa    00000002     
                  0000fffa    00000002     main.obj (.int13)

NMI        0    0000fffc    00000002     
                  0000fffc    00000002     rts430_eabi.lib : int14.obj (.int14)

.reset     0    0000fffe    00000002     
                  0000fffe    00000002     rts430_eabi.lib : boot.obj (.reset)


LINKER GENERATED COPY TABLES

__TI_cinit_table @ 0000c6e8 records: 1, size/record: 4, table size: 4
	.bss: load addr=0000c6e2, load size=00000004 bytes, run addr=00000200, run size=00000050 bytes, compression=zero_init


LINKER GENERATED HANDLER TABLE

__TI_handler_table @ 0000c6e6 records: 1, size/record: 2, table size: 2
	index: 0, handler: __TI_zero_init


GLOBAL SYMBOLS: SORTED ALPHABETICALLY BY Name 

address    name
--------   ----
0000004a   ADC10AE0
000001b0   ADC10CTL0
000001b2   ADC10CTL1
00000048   ADC10DTC0
00000049   ADC10DTC1
000001b4   ADC10MEM
000001bc   ADC10SA
00000057   BCSCTL1
00000058   BCSCTL2
00000053   BCSCTL3
0000c518   BCSplus_initial
0000c6de   C$$EXIT
00000059   CACTL1
0000005a   CACTL2
000010fb   CALBC1_12MHZ
000010f9   CALBC1_16MHZ
000010ff   CALBC1_1MHZ
000010fd   CALBC1_8MHZ
000010fa   CALDCO_12MHZ
000010f8   CALDCO_16MHZ
000010fe   CALDCO_1MHZ
000010fc   CALDCO_8MHZ
0000005b   CAPD
00000056   DCOCTL
00000128   FCTL1
0000012a   FCTL2
0000012c   FCTL3
0000c578   GetEvent
00000000   IE1
00000001   IE2
00000002   IFG1
00000003   IFG2
0000c4a6   InitHardware
0000c350   InitVariables
0000c4e2   InsertEvent
00000022   P1DIR
00000025   P1IE
00000024   P1IES
00000023   P1IFG
00000020   P1IN
00000021   P1OUT
00000027   P1REN
00000026   P1SEL
00000041   P1SEL2
0000002a   P2DIR
0000002d   P2IE
0000002c   P2IES
0000002b   P2IFG
00000028   P2IN
00000029   P2OUT
0000002f   P2REN
0000002e   P2SEL
00000042   P2SEL2
0000001a   P3DIR
00000018   P3IN
00000019   P3OUT
00000010   P3REN
0000001b   P3SEL
00000043   P3SEL2
00000200   Rcv1
00000216   Receiver_Events
00000172   TA0CCR0
00000174   TA0CCR1
00000176   TA0CCR2
00000162   TA0CCTL0
00000164   TA0CCTL1
00000166   TA0CCTL2
00000160   TA0CTL
0000012e   TA0IV
00000170   TA0R
00000192   TA1CCR0
00000194   TA1CCR1
00000196   TA1CCR2
00000182   TA1CCTL0
00000184   TA1CCTL1
00000186   TA1CCTL2
00000180   TA1CTL
0000011e   TA1IV
00000190   TA1R
000010db   TLV_ADC10_1_LEN
000010da   TLV_ADC10_1_TAG
000010c0   TLV_CHECKSUM
000010f7   TLV_DCO_30_LEN
000010f6   TLV_DCO_30_TAG
0000c5a0   TestWidth
0000c662   Timer0_A3_initial
0000c5e4   Timer1_A3_initial
0000005d   UCA0ABCTL
00000062   UCA0BR0
00000063   UCA0BR1
00000060   UCA0CTL0
00000061   UCA0CTL1
0000005f   UCA0IRRCTL
0000005e   UCA0IRTCTL
00000064   UCA0MCTL
00000066   UCA0RXBUF
00000065   UCA0STAT
00000067   UCA0TXBUF
0000006a   UCB0BR0
0000006b   UCB0BR1
00000068   UCB0CTL0
00000069   UCB0CTL1
0000006c   UCB0I2CIE
00000118   UCB0I2COA
0000011a   UCB0I2CSA
0000006e   UCB0RXBUF
0000006d   UCB0STAT
0000006f   UCB0TXBUF
00000120   WDTCTL
0000c1c8   Xmit
0000022c   Xmit1
00000400   __STACK_END
00000050   __STACK_SIZE
0000c6e8   __TI_CINIT_Base
0000c6ec   __TI_CINIT_Limit
0000c6e6   __TI_Handler_Table_Base
0000c6e8   __TI_Handler_Table_Limit
UNDEFED    __TI_INITARRAY_Base
UNDEFED    __TI_INITARRAY_Limit
0000c6d4   __TI_ISR_TRAP
00000001   __TI_args_main
00000001   __TI_exit
0000ffe4   __TI_int02
0000ffe6   __TI_int03
0000ffea   __TI_int05
0000ffec   __TI_int06
0000ffee   __TI_int07
0000fff0   __TI_int08
0000fff2   __TI_int09
0000fff4   __TI_int10
0000fff6   __TI_int11
0000fff8   __TI_int12
0000fffa   __TI_int13
0000fffc   __TI_int14
0000c676   __TI_zero_init
ffffffff   __binit__
ffffffff   __c_args__
0000c54c   __mspabi_divi
0000c64c   __mspabi_divu
0000c6b8   __mspabi_func_epilog_1
0000c6b6   __mspabi_func_epilog_2
0000c6b4   __mspabi_func_epilog_3
0000c6b2   __mspabi_func_epilog_4
0000c6b0   __mspabi_func_epilog_5
0000c6ae   __mspabi_func_epilog_6
0000c6ac   __mspabi_func_epilog_7
0000c54c   __mspabi_remi
0000c64c   __mspabi_remu
0000c68a   __mspabi_srll
0000c448   _auto_init
0000c5fe   _c_int00
0000c5fe   _c_int00_noexit
0000fffe   _reset_vector
000003b0   _stack
0000c6da   _system_pre_init
0000c6de   abort
0000023c   amountsent
ffffffff   binit
0000023e   bit
00000240   compare
00000242   correct
0000c6bc   fallingedge
00000244   highsRec
00000246   highsSent
0000c69c   ihandler
0000c3da   main
00000248   msCounter
0000c618   periodicTimerA0Interrupt
0000c000   rcv
0000c6c8   risingedge
0000024a   send
0000024c   startCounter
0000024e   temp
0000c5c4   timerCaptureFallingInterrupt
0000c632   timerCaptureRisingInterrupt


GLOBAL SYMBOLS: SORTED BY Symbol Address 

address    name
--------   ----
00000000   IE1
00000001   IE2
00000001   __TI_args_main
00000001   __TI_exit
00000002   IFG1
00000003   IFG2
00000010   P3REN
00000018   P3IN
00000019   P3OUT
0000001a   P3DIR
0000001b   P3SEL
00000020   P1IN
00000021   P1OUT
00000022   P1DIR
00000023   P1IFG
00000024   P1IES
00000025   P1IE
00000026   P1SEL
00000027   P1REN
00000028   P2IN
00000029   P2OUT
0000002a   P2DIR
0000002b   P2IFG
0000002c   P2IES
0000002d   P2IE
0000002e   P2SEL
0000002f   P2REN
00000041   P1SEL2
00000042   P2SEL2
00000043   P3SEL2
00000048   ADC10DTC0
00000049   ADC10DTC1
0000004a   ADC10AE0
00000050   __STACK_SIZE
00000053   BCSCTL3
00000056   DCOCTL
00000057   BCSCTL1
00000058   BCSCTL2
00000059   CACTL1
0000005a   CACTL2
0000005b   CAPD
0000005d   UCA0ABCTL
0000005e   UCA0IRTCTL
0000005f   UCA0IRRCTL
00000060   UCA0CTL0
00000061   UCA0CTL1
00000062   UCA0BR0
00000063   UCA0BR1
00000064   UCA0MCTL
00000065   UCA0STAT
00000066   UCA0RXBUF
00000067   UCA0TXBUF
00000068   UCB0CTL0
00000069   UCB0CTL1
0000006a   UCB0BR0
0000006b   UCB0BR1
0000006c   UCB0I2CIE
0000006d   UCB0STAT
0000006e   UCB0RXBUF
0000006f   UCB0TXBUF
00000118   UCB0I2COA
0000011a   UCB0I2CSA
0000011e   TA1IV
00000120   WDTCTL
00000128   FCTL1
0000012a   FCTL2
0000012c   FCTL3
0000012e   TA0IV
00000160   TA0CTL
00000162   TA0CCTL0
00000164   TA0CCTL1
00000166   TA0CCTL2
00000170   TA0R
00000172   TA0CCR0
00000174   TA0CCR1
00000176   TA0CCR2
00000180   TA1CTL
00000182   TA1CCTL0
00000184   TA1CCTL1
00000186   TA1CCTL2
00000190   TA1R
00000192   TA1CCR0
00000194   TA1CCR1
00000196   TA1CCR2
000001b0   ADC10CTL0
000001b2   ADC10CTL1
000001b4   ADC10MEM
000001bc   ADC10SA
00000200   Rcv1
00000216   Receiver_Events
0000022c   Xmit1
0000023c   amountsent
0000023e   bit
00000240   compare
00000242   correct
00000244   highsRec
00000246   highsSent
00000248   msCounter
0000024a   send
0000024c   startCounter
0000024e   temp
000003b0   _stack
00000400   __STACK_END
000010c0   TLV_CHECKSUM
000010da   TLV_ADC10_1_TAG
000010db   TLV_ADC10_1_LEN
000010f6   TLV_DCO_30_TAG
000010f7   TLV_DCO_30_LEN
000010f8   CALDCO_16MHZ
000010f9   CALBC1_16MHZ
000010fa   CALDCO_12MHZ
000010fb   CALBC1_12MHZ
000010fc   CALDCO_8MHZ
000010fd   CALBC1_8MHZ
000010fe   CALDCO_1MHZ
000010ff   CALBC1_1MHZ
0000c000   rcv
0000c1c8   Xmit
0000c350   InitVariables
0000c3da   main
0000c448   _auto_init
0000c4a6   InitHardware
0000c4e2   InsertEvent
0000c518   BCSplus_initial
0000c54c   __mspabi_divi
0000c54c   __mspabi_remi
0000c578   GetEvent
0000c5a0   TestWidth
0000c5c4   timerCaptureFallingInterrupt
0000c5e4   Timer1_A3_initial
0000c5fe   _c_int00
0000c5fe   _c_int00_noexit
0000c618   periodicTimerA0Interrupt
0000c632   timerCaptureRisingInterrupt
0000c64c   __mspabi_divu
0000c64c   __mspabi_remu
0000c662   Timer0_A3_initial
0000c676   __TI_zero_init
0000c68a   __mspabi_srll
0000c69c   ihandler
0000c6ac   __mspabi_func_epilog_7
0000c6ae   __mspabi_func_epilog_6
0000c6b0   __mspabi_func_epilog_5
0000c6b2   __mspabi_func_epilog_4
0000c6b4   __mspabi_func_epilog_3
0000c6b6   __mspabi_func_epilog_2
0000c6b8   __mspabi_func_epilog_1
0000c6bc   fallingedge
0000c6c8   risingedge
0000c6d4   __TI_ISR_TRAP
0000c6da   _system_pre_init
0000c6de   C$$EXIT
0000c6de   abort
0000c6e6   __TI_Handler_Table_Base
0000c6e8   __TI_CINIT_Base
0000c6e8   __TI_Handler_Table_Limit
0000c6ec   __TI_CINIT_Limit
0000ffe4   __TI_int02
0000ffe6   __TI_int03
0000ffea   __TI_int05
0000ffec   __TI_int06
0000ffee   __TI_int07
0000fff0   __TI_int08
0000fff2   __TI_int09
0000fff4   __TI_int10
0000fff6   __TI_int11
0000fff8   __TI_int12
0000fffa   __TI_int13
0000fffc   __TI_int14
0000fffe   _reset_vector
ffffffff   __binit__
ffffffff   __c_args__
ffffffff   binit
UNDEFED    __TI_INITARRAY_Base
UNDEFED    __TI_INITARRAY_Limit

[175 symbols]
